// Vitest Snapshot v1, https://vitest.dev/guide/snapshot.html

exports[`scoring > is deterministic (golden snapshot) 1`] = `
[
  {
    "cats": {
      "balance_sheet": 4.38,
      "competitive": 5,
      "forward": null,
      "growth": 4.38,
      "momentum": 4.38,
      "ownership": null,
      "quality": 5.22,
      "revisions": null,
      "valuation": 4.38,
    },
    "cov": 0.7,
    "o": 4.66,
    "s": "S00",
  },
  {
    "cats": {
      "balance_sheet": 5.63,
      "competitive": 5,
      "forward": null,
      "growth": 5.63,
      "momentum": 5.63,
      "ownership": null,
      "quality": 9.29,
      "revisions": null,
      "valuation": 5.63,
    },
    "cov": 0.7,
    "o": 6.63,
    "s": "S01",
  },
  {
    "cats": {
      "balance_sheet": 14.38,
      "competitive": 14.82,
      "forward": null,
      "growth": 14.38,
      "momentum": 14.38,
      "ownership": null,
      "quality": 19.72,
      "revisions": null,
      "valuation": 14.38,
    },
    "cov": 0.7,
    "o": 15.94,
    "s": "S02",
  },
  {
    "cats": {
      "balance_sheet": 15.63,
      "competitive": 15.19,
      "forward": null,
      "growth": 15.63,
      "momentum": 15.63,
      "ownership": null,
      "quality": 23.79,
      "revisions": null,
      "valuation": 15.63,
    },
    "cov": 0.7,
    "o": 17.93,
    "s": "S03",
  },
  {
    "cats": {
      "balance_sheet": 24.38,
      "competitive": 24.6,
      "forward": null,
      "growth": 24.38,
      "momentum": 24.38,
      "ownership": null,
      "quality": 34.22,
      "revisions": null,
      "valuation": 24.38,
    },
    "cov": 0.7,
    "o": 27.21,
    "s": "S04",
  },
  {
    "cats": {
      "balance_sheet": 25.63,
      "competitive": 25.41,
      "forward": null,
      "growth": 25.63,
      "momentum": 25.63,
      "ownership": null,
      "quality": 23.29,
      "revisions": null,
      "valuation": 25.63,
    },
    "cov": 0.7,
    "o": 24.95,
    "s": "S05",
  },
  {
    "cats": {
      "balance_sheet": 34.38,
      "competitive": 34.6,
      "forward": null,
      "growth": 34.38,
      "momentum": 34.38,
      "ownership": null,
      "quality": 33.72,
      "revisions": null,
      "valuation": 34.38,
    },
    "cov": 0.7,
    "o": 34.21,
    "s": "S06",
  },
  {
    "cats": {
      "balance_sheet": 35.63,
      "competitive": 35.41,
      "forward": null,
      "growth": 35.63,
      "momentum": 35.63,
      "ownership": null,
      "quality": 37.79,
      "revisions": null,
      "valuation": 35.63,
    },
    "cov": 0.7,
    "o": 36.23,
    "s": "S07",
  },
  {
    "cats": {
      "balance_sheet": 44.38,
      "competitive": 44.6,
      "forward": null,
      "growth": 44.38,
      "momentum": 44.38,
      "ownership": null,
      "quality": 48.22,
      "revisions": null,
      "valuation": 44.38,
    },
    "cov": 0.7,
    "o": 45.49,
    "s": "S08",
  },
  {
    "cats": {
      "balance_sheet": 45.63,
      "competitive": 45.41,
      "forward": null,
      "growth": 45.63,
      "momentum": 45.63,
      "ownership": null,
      "quality": 52.29,
      "revisions": null,
      "valuation": 45.63,
    },
    "cov": 0.7,
    "o": 47.52,
    "s": "S09",
  },
  {
    "cats": {
      "balance_sheet": 54.38,
      "competitive": 55,
      "forward": null,
      "growth": 54.38,
      "momentum": 54.38,
      "ownership": null,
      "quality": 47.72,
      "revisions": null,
      "valuation": 54.38,
    },
    "cov": 0.7,
    "o": 52.52,
    "s": "S10",
  },
  {
    "cats": {
      "balance_sheet": 55.63,
      "competitive": 55,
      "forward": null,
      "growth": 55.63,
      "momentum": 55.63,
      "ownership": null,
      "quality": 51.79,
      "revisions": null,
      "valuation": 55.63,
    },
    "cov": 0.7,
    "o": 54.49,
    "s": "S11",
  },
  {
    "cats": {
      "balance_sheet": 64.38,
      "competitive": 64.6,
      "forward": null,
      "growth": 64.38,
      "momentum": 64.38,
      "ownership": null,
      "quality": 62.22,
      "revisions": null,
      "valuation": 64.38,
    },
    "cov": 0.7,
    "o": 63.78,
    "s": "S12",
  },
  {
    "cats": {
      "balance_sheet": 65.63,
      "competitive": 65.41,
      "forward": null,
      "growth": 65.63,
      "momentum": 65.63,
      "ownership": null,
      "quality": 66.29,
      "revisions": null,
      "valuation": 65.63,
    },
    "cov": 0.7,
    "o": 65.8,
    "s": "S13",
  },
  {
    "cats": {
      "balance_sheet": 74.38,
      "competitive": 74.78,
      "forward": null,
      "growth": 74.38,
      "momentum": 74.38,
      "ownership": null,
      "quality": 76.72,
      "revisions": null,
      "valuation": 74.38,
    },
    "cov": 0.7,
    "o": 75.08,
    "s": "S14",
  },
  {
    "cats": {
      "balance_sheet": 75.63,
      "competitive": 75.22,
      "forward": null,
      "growth": 75.63,
      "momentum": 75.63,
      "ownership": null,
      "quality": 65.79,
      "revisions": null,
      "valuation": 75.63,
    },
    "cov": 0.7,
    "o": 72.79,
    "s": "S15",
  },
  {
    "cats": {
      "balance_sheet": 84.38,
      "competitive": 84.6,
      "forward": null,
      "growth": 84.38,
      "momentum": 84.38,
      "ownership": null,
      "quality": 76.22,
      "revisions": null,
      "valuation": 84.38,
    },
    "cov": 0.7,
    "o": 82.06,
    "s": "S16",
  },
  {
    "cats": {
      "balance_sheet": 85.63,
      "competitive": 85.41,
      "forward": null,
      "growth": 85.63,
      "momentum": 85.63,
      "ownership": null,
      "quality": 80.29,
      "revisions": null,
      "valuation": 85.63,
    },
    "cov": 0.7,
    "o": 84.09,
    "s": "S17",
  },
  {
    "cats": {
      "balance_sheet": 94.38,
      "competitive": 94.97,
      "forward": null,
      "growth": 94.38,
      "momentum": 94.38,
      "ownership": null,
      "quality": 90.72,
      "revisions": null,
      "valuation": 94.38,
    },
    "cov": 0.7,
    "o": 93.38,
    "s": "S18",
  },
  {
    "cats": {
      "balance_sheet": 95.63,
      "competitive": 95.03,
      "forward": null,
      "growth": 95.63,
      "momentum": 95.63,
      "ownership": null,
      "quality": 94.79,
      "revisions": null,
      "valuation": 95.63,
    },
    "cov": 0.7,
    "o": 95.35,
    "s": "S19",
  },
]
`;
